[computermuseum.nexon.com/index.html]
[backblue.gif]
[fade.gif]
[index.html]
[computermuseum.nexon.com/favicon.ico]
[ncm-static.nexon.com/static/images/layout/nexon_computer_museum.png]
[use.typekit.net/lfx5iyj.css]
[ncm-static.nexon.com/_next/static/css/61becbf9bbf43082.css]
[ncm-static.nexon.com/_next/static/css/383ef9c8881034de.css]
[ncm-static.nexon.com/_next/static/chunks/polyfills-c67a75d1b6f99dc8.js]
[ncm-static.nexon.com/js/googleTagManager.js]
[enter.nexon.com/sdk/eosbrowsersupport/eos-browser-support-df9a3ff7-1.0.3.js]
[ncm-static.nexon.com/js/EOSBrowserSupport.js]
[signin.nexon.com/sdk/inface.js]
[ncm-static.nexon.com/auth_insign.js]
[ncm-static.nexon.com/swiper.min.js]
[ncm-static.nexon.com/js/jquery-3.6.0.min.js]
[ncm-static.nexon.com/js/TweenMax.min.js]
[ncm-static.nexon.com/js/swiper.min.js]
[ncm-static.nexon.com/js/charming.min.js]
[stdpay.inicis.com/stdjs/INIStdPay.js]
[ncm-static.nexon.com/_next/static/chunks/webpack-77ce4f5e533b123e.js]
[ncm-static.nexon.com/_next/static/chunks/framework-2e68dedaa8ccd613.js]
[ncm-static.nexon.com/_next/static/chunks/main-7972001a290fdf21.js]
[ncm-static.nexon.com/_next/static/chunks/pages/_app-93e920da9915f1da.js]
[ncm-static.nexon.com/_next/static/chunks/pages/index-86b755b975eded40.js]
[ncm-static.nexon.com/_next/static/JsHdFLfpDLH0SJ2IamTQB/_buildManifest.js]
[ncm-static.nexon.com/_next/static/JsHdFLfpDLH0SJ2IamTQB/_ssgManifest.js]
[computermuseum.nexon.com/reservation/personal/schedule.html]
[computermuseum.nexon.com/guide.html]
[computermuseum.nexon.com/monthlyprogram.html]
[computermuseum.nexon.com/static/files/단체관람가이드_교사용.1b.delayed]
[computermuseum.nexon.com/static/files/단체관람가이드_학생용.pdf]
[computermuseum.nexon.com/index.html]
[computermuseum.nexon.com/policy/privacy.html]
[use.typekit.net/af/176972/000000000000000000013024/27/l652f]
[use.typekit.net/af/176972/000000000000000000013024/27/d652f]
[use.typekit.net/af/176972/000000000000000000013024/27/a652f]
[use.typekit.net/af/74a78f/00000000000000000001302b/27/le196]
[use.typekit.net/af/74a78f/00000000000000000001302b/27/de196]
[use.typekit.net/lfx5iyj.css]
[ncm-static.nexon.com/_next/static/css/61becbf9bbf43082.css]
[ncm-static.nexon.com/_next/static/css/383ef9c8881034de.css]
[use.typekit.net/af/74a78f/00000000000000000001302b/27/ae196]
[computermuseum.nexon.com/reservation/personal/schedule.html]
[ncm-static.nexon.com/_next/static/chunks/pages/reservation/personal/schedule-9d341debc239e68a.js]
[computermuseum.nexon.com/guide.html]
[ncm-static.nexon.com/_next/static/chunks/pages/guide-450f8fab998ae53c.js]
[ncm-static.nexon.com/_next/static/chunks/pages/monthlyprogram-cb4a95c89e2ebee8.js]
[computermuseum.nexon.com/static/images/contents/monthly-program/icon_care_gray.png]
[ncm-file.nexon.com/program/53a86221ebfc454a8ea008bbbab5dd66_KakaoTalk_20200924_140843246.jpg]
[computermuseum.nexon.com/monthlyprogram.html]
[computermuseum.nexon.com/static/files/단체관람가이드_교사용.html]
[computermuseum.nexon.com/static/files/단체관람가이드_학생용.html]
[computermuseum.nexon.com/policy/privacy.html]
[p.typekit.net/pb447.css]
[ncm-static.nexon.com/_next/static/chunks/pages/policy/privacy-7294fad14aa82d2f.js]
